Analysis & Synthesis report for procesador
Mon Dec 11 20:42:49 2023
Quartus Prime Version 17.1.0 Build 590 10/25/2017 SJ Lite Edition


---------------------
; Table of Contents ;
---------------------
  1. Legal Notice
  2. Analysis & Synthesis Summary
  3. Analysis & Synthesis Settings
  4. Parallel Compilation
  5. Analysis & Synthesis Source Files Read
  6. Analysis & Synthesis Resource Usage Summary
  7. Analysis & Synthesis Resource Utilization by Entity
  8. General Register Statistics
  9. Multiplexer Restructuring Statistics (Restructuring Performed)
 10. Parameter Settings for User Entity Instance: Top-level Entity: |core
 11. Parameter Settings for User Entity Instance: REGBANK:REGBANK_inst
 12. Parameter Settings for User Entity Instance: mux_2to1:mux_2to1_inst1
 13. Parameter Settings for User Entity Instance: mux_4to1:mux_4to1_inst1
 14. Parameter Settings for User Entity Instance: mux_2to1:mux_2to1_inst2
 15. Parameter Settings for User Entity Instance: sumador:sumador_inst2
 16. Parameter Settings for User Entity Instance: sumador:sumador_inst1
 17. Parameter Settings for User Entity Instance: mux_2to1:mux_2to1_inst3
 18. Parameter Settings for User Entity Instance: PC:PC_inst
 19. Port Connectivity Checks: "PC:PC_inst"
 20. Port Connectivity Checks: "sumador:sumador_inst1"
 21. Port Connectivity Checks: "sumador:sumador_inst2"
 22. Port Connectivity Checks: "mux_4to1:mux_4to1_inst1"
 23. Post-Synthesis Netlist Statistics for Top Partition
 24. Elapsed Time Per Partition
 25. Analysis & Synthesis Messages



----------------
; Legal Notice ;
----------------
Copyright (C) 2017  Intel Corporation. All rights reserved.
Your use of Intel Corporation's design tools, logic functions 
and other software and tools, and its AMPP partner logic 
functions, and any output files from any of the foregoing 
(including device programming or simulation files), and any 
associated documentation or information are expressly subject 
to the terms and conditions of the Intel Program License 
Subscription Agreement, the Intel Quartus Prime License Agreement,
the Intel FPGA IP License Agreement, or other applicable license
agreement, including, without limitation, that your use is for
the sole purpose of programming logic devices manufactured by
Intel and sold by Intel or its authorized distributors.  Please
refer to the applicable agreement for further details.



+----------------------------------------------------------------------------------+
; Analysis & Synthesis Summary                                                     ;
+------------------------------------+---------------------------------------------+
; Analysis & Synthesis Status        ; Successful - Mon Dec 11 20:42:49 2023       ;
; Quartus Prime Version              ; 17.1.0 Build 590 10/25/2017 SJ Lite Edition ;
; Revision Name                      ; procesador                                  ;
; Top-level Entity Name              ; core                                        ;
; Family                             ; Cyclone IV E                                ;
; Total logic elements               ; 3,385                                       ;
;     Total combinational functions  ; 2,393                                       ;
;     Dedicated logic registers      ; 1,034                                       ;
; Total registers                    ; 1034                                        ;
; Total pins                         ; 143                                         ;
; Total virtual pins                 ; 0                                           ;
; Total memory bits                  ; 0                                           ;
; Embedded Multiplier 9-bit elements ; 0                                           ;
; Total PLLs                         ; 0                                           ;
+------------------------------------+---------------------------------------------+


+----------------------------------------------------------------------------------------------------------------------+
; Analysis & Synthesis Settings                                                                                        ;
+----------------------------------------------------------------------------+--------------------+--------------------+
; Option                                                                     ; Setting            ; Default Value      ;
+----------------------------------------------------------------------------+--------------------+--------------------+
; Device                                                                     ; EP4CE115F29C7      ;                    ;
; Top-level entity name                                                      ; core               ; procesador         ;
; Family name                                                                ; Cyclone IV E       ; Cyclone V          ;
; Use smart compilation                                                      ; Off                ; Off                ;
; Enable parallel Assembler and TimeQuest Timing Analyzer during compilation ; On                 ; On                 ;
; Enable compact report table                                                ; Off                ; Off                ;
; Restructure Multiplexers                                                   ; Auto               ; Auto               ;
; Create Debugging Nodes for IP Cores                                        ; Off                ; Off                ;
; Preserve fewer node names                                                  ; On                 ; On                 ;
; Intel FPGA IP Evaluation Mode                                              ; Enable             ; Enable             ;
; Verilog Version                                                            ; Verilog_2001       ; Verilog_2001       ;
; VHDL Version                                                               ; VHDL_1993          ; VHDL_1993          ;
; State Machine Processing                                                   ; Auto               ; Auto               ;
; Safe State Machine                                                         ; Off                ; Off                ;
; Extract Verilog State Machines                                             ; On                 ; On                 ;
; Extract VHDL State Machines                                                ; On                 ; On                 ;
; Ignore Verilog initial constructs                                          ; Off                ; Off                ;
; Iteration limit for constant Verilog loops                                 ; 5000               ; 5000               ;
; Iteration limit for non-constant Verilog loops                             ; 250                ; 250                ;
; Add Pass-Through Logic to Inferred RAMs                                    ; On                 ; On                 ;
; Infer RAMs from Raw Logic                                                  ; On                 ; On                 ;
; Parallel Synthesis                                                         ; On                 ; On                 ;
; DSP Block Balancing                                                        ; Auto               ; Auto               ;
; NOT Gate Push-Back                                                         ; On                 ; On                 ;
; Power-Up Don't Care                                                        ; On                 ; On                 ;
; Remove Redundant Logic Cells                                               ; Off                ; Off                ;
; Remove Duplicate Registers                                                 ; On                 ; On                 ;
; Ignore CARRY Buffers                                                       ; Off                ; Off                ;
; Ignore CASCADE Buffers                                                     ; Off                ; Off                ;
; Ignore GLOBAL Buffers                                                      ; Off                ; Off                ;
; Ignore ROW GLOBAL Buffers                                                  ; Off                ; Off                ;
; Ignore LCELL Buffers                                                       ; Off                ; Off                ;
; Ignore SOFT Buffers                                                        ; On                 ; On                 ;
; Limit AHDL Integers to 32 Bits                                             ; Off                ; Off                ;
; Optimization Technique                                                     ; Balanced           ; Balanced           ;
; Carry Chain Length                                                         ; 70                 ; 70                 ;
; Auto Carry Chains                                                          ; On                 ; On                 ;
; Auto Open-Drain Pins                                                       ; On                 ; On                 ;
; Perform WYSIWYG Primitive Resynthesis                                      ; Off                ; Off                ;
; Auto ROM Replacement                                                       ; On                 ; On                 ;
; Auto RAM Replacement                                                       ; On                 ; On                 ;
; Auto DSP Block Replacement                                                 ; On                 ; On                 ;
; Auto Shift Register Replacement                                            ; Auto               ; Auto               ;
; Allow Shift Register Merging across Hierarchies                            ; Auto               ; Auto               ;
; Auto Clock Enable Replacement                                              ; On                 ; On                 ;
; Strict RAM Replacement                                                     ; Off                ; Off                ;
; Allow Synchronous Control Signals                                          ; On                 ; On                 ;
; Force Use of Synchronous Clear Signals                                     ; Off                ; Off                ;
; Auto RAM Block Balancing                                                   ; On                 ; On                 ;
; Auto RAM to Logic Cell Conversion                                          ; Off                ; Off                ;
; Auto Resource Sharing                                                      ; Off                ; Off                ;
; Allow Any RAM Size For Recognition                                         ; Off                ; Off                ;
; Allow Any ROM Size For Recognition                                         ; Off                ; Off                ;
; Allow Any Shift Register Size For Recognition                              ; Off                ; Off                ;
; Use LogicLock Constraints during Resource Balancing                        ; On                 ; On                 ;
; Ignore translate_off and synthesis_off directives                          ; Off                ; Off                ;
; Timing-Driven Synthesis                                                    ; On                 ; On                 ;
; Report Parameter Settings                                                  ; On                 ; On                 ;
; Report Source Assignments                                                  ; On                 ; On                 ;
; Report Connectivity Checks                                                 ; On                 ; On                 ;
; Ignore Maximum Fan-Out Assignments                                         ; Off                ; Off                ;
; Synchronization Register Chain Length                                      ; 2                  ; 2                  ;
; Power Optimization During Synthesis                                        ; Normal compilation ; Normal compilation ;
; HDL message level                                                          ; Level2             ; Level2             ;
; Suppress Register Optimization Related Messages                            ; Off                ; Off                ;
; Number of Removed Registers Reported in Synthesis Report                   ; 5000               ; 5000               ;
; Number of Swept Nodes Reported in Synthesis Report                         ; 5000               ; 5000               ;
; Number of Inverted Registers Reported in Synthesis Report                  ; 100                ; 100                ;
; Clock MUX Protection                                                       ; On                 ; On                 ;
; Auto Gated Clock Conversion                                                ; Off                ; Off                ;
; Block Design Naming                                                        ; Auto               ; Auto               ;
; SDC constraint protection                                                  ; Off                ; Off                ;
; Synthesis Effort                                                           ; Auto               ; Auto               ;
; Shift Register Replacement - Allow Asynchronous Clear Signal               ; On                 ; On                 ;
; Pre-Mapping Resynthesis Optimization                                       ; Off                ; Off                ;
; Analysis & Synthesis Message Level                                         ; Medium             ; Medium             ;
; Disable Register Merging Across Hierarchies                                ; Auto               ; Auto               ;
; Resource Aware Inference For Block RAM                                     ; On                 ; On                 ;
+----------------------------------------------------------------------------+--------------------+--------------------+


+------------------------------------------+
; Parallel Compilation                     ;
+----------------------------+-------------+
; Processors                 ; Number      ;
+----------------------------+-------------+
; Number detected on machine ; 16          ;
; Maximum allowed            ; 8           ;
;                            ;             ;
; Average used               ; 1.00        ;
; Maximum used               ; 8           ;
;                            ;             ;
; Usage by Processor         ; % Time Used ;
;     Processor 1            ; 100.0%      ;
;     Processor 2            ;   0.1%      ;
;     Processor 3            ;   0.1%      ;
;     Processor 4            ;   0.1%      ;
;     Processor 5            ;   0.1%      ;
;     Processor 6            ;   0.1%      ;
;     Processor 7            ;   0.1%      ;
;     Processor 8            ;   0.1%      ;
+----------------------------+-------------+


+------------------------------------------------------------------------------------------------------------------------------------------------------------------------------+
; Analysis & Synthesis Source Files Read                                                                                                                                       ;
+----------------------------------+-----------------+------------------------------+--------------------------------------------------------------------------------+---------+
; File Name with User-Entered Path ; Used in Netlist ; File Type                    ; File Name with Absolute Path                                                   ; Library ;
+----------------------------------+-----------------+------------------------------+--------------------------------------------------------------------------------+---------+
; sumador.sv                       ; yes             ; User SystemVerilog HDL File  ; C:/Users/itsep/OneDrive/Documentos/GitHub/Microprocesador-ISDIGI/sumador.sv    ;         ;
; REGBANK.sv                       ; yes             ; User SystemVerilog HDL File  ; C:/Users/itsep/OneDrive/Documentos/GitHub/Microprocesador-ISDIGI/REGBANK.sv    ;         ;
; PC.sv                            ; yes             ; User SystemVerilog HDL File  ; C:/Users/itsep/OneDrive/Documentos/GitHub/Microprocesador-ISDIGI/PC.sv         ;         ;
; mux_4to1.sv                      ; yes             ; User SystemVerilog HDL File  ; C:/Users/itsep/OneDrive/Documentos/GitHub/Microprocesador-ISDIGI/mux_4to1.sv   ;         ;
; mux_2to1.sv                      ; yes             ; User SystemVerilog HDL File  ; C:/Users/itsep/OneDrive/Documentos/GitHub/Microprocesador-ISDIGI/mux_2to1.sv   ;         ;
; Imm_Gen.sv                       ; yes             ; User SystemVerilog HDL File  ; C:/Users/itsep/OneDrive/Documentos/GitHub/Microprocesador-ISDIGI/Imm_Gen.sv    ;         ;
; core.sv                          ; yes             ; User SystemVerilog HDL File  ; C:/Users/itsep/OneDrive/Documentos/GitHub/Microprocesador-ISDIGI/core.sv       ;         ;
; control.sv                       ; yes             ; User SystemVerilog HDL File  ; C:/Users/itsep/OneDrive/Documentos/GitHub/Microprocesador-ISDIGI/control.sv    ;         ;
; ALUcontrol.sv                    ; yes             ; User SystemVerilog HDL File  ; C:/Users/itsep/OneDrive/Documentos/GitHub/Microprocesador-ISDIGI/ALUcontrol.sv ;         ;
; ALU.sv                           ; yes             ; User SystemVerilog HDL File  ; C:/Users/itsep/OneDrive/Documentos/GitHub/Microprocesador-ISDIGI/ALU.sv        ;         ;
+----------------------------------+-----------------+------------------------------+--------------------------------------------------------------------------------+---------+


+---------------------------------------------------------+
; Analysis & Synthesis Resource Usage Summary             ;
+---------------------------------------------+-----------+
; Resource                                    ; Usage     ;
+---------------------------------------------+-----------+
; Estimated Total logic elements              ; 3,385     ;
;                                             ;           ;
; Total combinational functions               ; 2393      ;
; Logic element usage by number of LUT inputs ;           ;
;     -- 4 input functions                    ; 1943      ;
;     -- 3 input functions                    ; 359       ;
;     -- <=2 input functions                  ; 91        ;
;                                             ;           ;
; Logic elements by mode                      ;           ;
;     -- normal mode                          ; 2253      ;
;     -- arithmetic mode                      ; 140       ;
;                                             ;           ;
; Total registers                             ; 1034      ;
;     -- Dedicated logic registers            ; 1034      ;
;     -- I/O registers                        ; 0         ;
;                                             ;           ;
; I/O pins                                    ; 143       ;
;                                             ;           ;
; Embedded Multiplier 9-bit elements          ; 0         ;
;                                             ;           ;
; Maximum fan-out node                        ; CLK~input ;
; Maximum fan-out                             ; 1034      ;
; Total fan-out                               ; 13361     ;
; Average fan-out                             ; 3.60      ;
+---------------------------------------------+-----------+


+----------------------------------------------------------------------------------------------------------------------------------------------------------------------------------------------------------------------------+
; Analysis & Synthesis Resource Utilization by Entity                                                                                                                                                                        ;
+---------------------------------+---------------------+---------------------------+-------------+--------------+---------+-----------+------+--------------+----------------------------------+-------------+--------------+
; Compilation Hierarchy Node      ; Combinational ALUTs ; Dedicated Logic Registers ; Memory Bits ; DSP Elements ; DSP 9x9 ; DSP 18x18 ; Pins ; Virtual Pins ; Full Hierarchy Name              ; Entity Name ; Library Name ;
+---------------------------------+---------------------+---------------------------+-------------+--------------+---------+-----------+------+--------------+----------------------------------+-------------+--------------+
; |core                           ; 2393 (13)           ; 1034 (0)                  ; 0           ; 0            ; 0       ; 0         ; 143  ; 0            ; |core                            ; core        ; work         ;
;    |ALU:ALU_inst|               ; 819 (819)           ; 0 (0)                     ; 0           ; 0            ; 0       ; 0         ; 0    ; 0            ; |core|ALU:ALU_inst               ; ALU         ; work         ;
;    |ALUcontrol:ALUcontrol_inst| ; 16 (16)             ; 0 (0)                     ; 0           ; 0            ; 0       ; 0         ; 0    ; 0            ; |core|ALUcontrol:ALUcontrol_inst ; ALUcontrol  ; work         ;
;    |Imm_Gen:Imm_Gen_inst|       ; 14 (14)             ; 0 (0)                     ; 0           ; 0            ; 0       ; 0         ; 0    ; 0            ; |core|Imm_Gen:Imm_Gen_inst       ; Imm_Gen     ; work         ;
;    |PC:PC_inst|                 ; 8 (8)               ; 10 (10)                   ; 0           ; 0            ; 0       ; 0         ; 0    ; 0            ; |core|PC:PC_inst                 ; PC          ; work         ;
;    |REGBANK:REGBANK_inst|       ; 1190 (1190)         ; 1024 (1024)               ; 0           ; 0            ; 0       ; 0         ; 0    ; 0            ; |core|REGBANK:REGBANK_inst       ; REGBANK     ; work         ;
;    |control:control_inst|       ; 14 (14)             ; 0 (0)                     ; 0           ; 0            ; 0       ; 0         ; 0    ; 0            ; |core|control:control_inst       ; control     ; work         ;
;    |mux_2to1:mux_2to1_inst1|    ; 35 (35)             ; 0 (0)                     ; 0           ; 0            ; 0       ; 0         ; 0    ; 0            ; |core|mux_2to1:mux_2to1_inst1    ; mux_2to1    ; work         ;
;    |mux_2to1:mux_2to1_inst2|    ; 32 (32)             ; 0 (0)                     ; 0           ; 0            ; 0       ; 0         ; 0    ; 0            ; |core|mux_2to1:mux_2to1_inst2    ; mux_2to1    ; work         ;
;    |mux_4to1:mux_4to1_inst1|    ; 242 (242)           ; 0 (0)                     ; 0           ; 0            ; 0       ; 0         ; 0    ; 0            ; |core|mux_4to1:mux_4to1_inst1    ; mux_4to1    ; work         ;
;    |sumador:sumador_inst2|      ; 10 (10)             ; 0 (0)                     ; 0           ; 0            ; 0       ; 0         ; 0    ; 0            ; |core|sumador:sumador_inst2      ; sumador     ; work         ;
+---------------------------------+---------------------+---------------------------+-------------+--------------+---------+-----------+------+--------------+----------------------------------+-------------+--------------+
Note: For table entries with two numbers listed, the numbers in parentheses indicate the number of resources of the given type used by the specific entity alone. The numbers listed outside of parentheses indicate the total resources of the given type used by the specific entity and all of its sub-entities in the hierarchy.


+------------------------------------------------------+
; General Register Statistics                          ;
+----------------------------------------------+-------+
; Statistic                                    ; Value ;
+----------------------------------------------+-------+
; Total registers                              ; 1034  ;
; Number of registers using Synchronous Clear  ; 0     ;
; Number of registers using Synchronous Load   ; 8     ;
; Number of registers using Asynchronous Clear ; 1002  ;
; Number of registers using Asynchronous Load  ; 0     ;
; Number of registers using Clock Enable       ; 1026  ;
; Number of registers using Preset             ; 0     ;
+----------------------------------------------+-------+


+---------------------------------------------------------------------------------------------------------------------------------------------------------+
; Multiplexer Restructuring Statistics (Restructuring Performed)                                                                                          ;
+--------------------+-----------+---------------+----------------------+------------------------+------------+-------------------------------------------+
; Multiplexer Inputs ; Bus Width ; Baseline Area ; Area if Restructured ; Saving if Restructured ; Registered ; Example Multiplexer Output                ;
+--------------------+-----------+---------------+----------------------+------------------------+------------+-------------------------------------------+
; 3:1                ; 2 bits    ; 4 LEs         ; 4 LEs                ; 0 LEs                  ; No         ; |core|ALU:ALU_inst|ShiftLeft0             ;
; 4:1                ; 2 bits    ; 4 LEs         ; 4 LEs                ; 0 LEs                  ; No         ; |core|ALU:ALU_inst|ShiftLeft0             ;
; 4:1                ; 3 bits    ; 6 LEs         ; 6 LEs                ; 0 LEs                  ; No         ; |core|ALUcontrol:ALUcontrol_inst|Mux3     ;
; 33:1               ; 32 bits   ; 704 LEs       ; 704 LEs              ; 0 LEs                  ; No         ; |core|REGBANK:REGBANK_inst|read_data2[3]  ;
; 33:1               ; 22 bits   ; 484 LEs       ; 484 LEs              ; 0 LEs                  ; No         ; |core|REGBANK:REGBANK_inst|read_data1[31] ;
; 128:1              ; 4 bits    ; 340 LEs       ; 12 LEs               ; 328 LEs                ; No         ; |core|Imm_Gen:Imm_Gen_inst|Selector2      ;
; 34:1               ; 10 bits   ; 220 LEs       ; 220 LEs              ; 0 LEs                  ; No         ; |core|mux_4to1:mux_4to1_inst1|Mux27       ;
; 22:1               ; 3 bits    ; 42 LEs        ; 24 LEs               ; 18 LEs                 ; No         ; |core|ALU:ALU_inst|Mux17                  ;
; 22:1               ; 4 bits    ; 56 LEs        ; 36 LEs               ; 20 LEs                 ; No         ; |core|ALU:ALU_inst|Mux19                  ;
; 23:1               ; 13 bits   ; 195 LEs       ; 117 LEs              ; 78 LEs                 ; No         ; |core|ALU:ALU_inst|Mux3                   ;
; 23:1               ; 4 bits    ; 60 LEs        ; 36 LEs               ; 24 LEs                 ; No         ; |core|ALU:ALU_inst|Mux27                  ;
; 24:1               ; 2 bits    ; 32 LEs        ; 20 LEs               ; 12 LEs                 ; No         ; |core|ALU:ALU_inst|Mux29                  ;
+--------------------+-----------+---------------+----------------------+------------------------+------------+-------------------------------------------+


+----------------------------------------------------------------------+
; Parameter Settings for User Entity Instance: Top-level Entity: |core ;
+----------------+-------+---------------------------------------------+
; Parameter Name ; Value ; Type                                        ;
+----------------+-------+---------------------------------------------+
; data_size      ; 1024  ; Signed Integer                              ;
; address_size   ; 32    ; Signed Integer                              ;
+----------------+-------+---------------------------------------------+
Note: In order to hide this table in the UI and the text report file, please set the "Show Parameter Settings in Synthesis Report" option in "Analysis and Synthesis Settings -> More Settings" to "Off".


+-------------------------------------------------------------------+
; Parameter Settings for User Entity Instance: REGBANK:REGBANK_inst ;
+----------------+-------+------------------------------------------+
; Parameter Name ; Value ; Type                                     ;
+----------------+-------+------------------------------------------+
; mem_depth      ; 32    ; Signed Integer                           ;
; size           ; 32    ; Signed Integer                           ;
+----------------+-------+------------------------------------------+
Note: In order to hide this table in the UI and the text report file, please set the "Show Parameter Settings in Synthesis Report" option in "Analysis and Synthesis Settings -> More Settings" to "Off".


+----------------------------------------------------------------------+
; Parameter Settings for User Entity Instance: mux_2to1:mux_2to1_inst1 ;
+----------------+-------+---------------------------------------------+
; Parameter Name ; Value ; Type                                        ;
+----------------+-------+---------------------------------------------+
; size           ; 32    ; Signed Integer                              ;
+----------------+-------+---------------------------------------------+
Note: In order to hide this table in the UI and the text report file, please set the "Show Parameter Settings in Synthesis Report" option in "Analysis and Synthesis Settings -> More Settings" to "Off".


+----------------------------------------------------------------------+
; Parameter Settings for User Entity Instance: mux_4to1:mux_4to1_inst1 ;
+----------------+-------+---------------------------------------------+
; Parameter Name ; Value ; Type                                        ;
+----------------+-------+---------------------------------------------+
; size           ; 32    ; Signed Integer                              ;
+----------------+-------+---------------------------------------------+
Note: In order to hide this table in the UI and the text report file, please set the "Show Parameter Settings in Synthesis Report" option in "Analysis and Synthesis Settings -> More Settings" to "Off".


+----------------------------------------------------------------------+
; Parameter Settings for User Entity Instance: mux_2to1:mux_2to1_inst2 ;
+----------------+-------+---------------------------------------------+
; Parameter Name ; Value ; Type                                        ;
+----------------+-------+---------------------------------------------+
; size           ; 32    ; Signed Integer                              ;
+----------------+-------+---------------------------------------------+
Note: In order to hide this table in the UI and the text report file, please set the "Show Parameter Settings in Synthesis Report" option in "Analysis and Synthesis Settings -> More Settings" to "Off".


+--------------------------------------------------------------------+
; Parameter Settings for User Entity Instance: sumador:sumador_inst2 ;
+----------------+-------+-------------------------------------------+
; Parameter Name ; Value ; Type                                      ;
+----------------+-------+-------------------------------------------+
; WIDTH          ; 32    ; Signed Integer                            ;
+----------------+-------+-------------------------------------------+
Note: In order to hide this table in the UI and the text report file, please set the "Show Parameter Settings in Synthesis Report" option in "Analysis and Synthesis Settings -> More Settings" to "Off".


+--------------------------------------------------------------------+
; Parameter Settings for User Entity Instance: sumador:sumador_inst1 ;
+----------------+-------+-------------------------------------------+
; Parameter Name ; Value ; Type                                      ;
+----------------+-------+-------------------------------------------+
; WIDTH          ; 32    ; Signed Integer                            ;
+----------------+-------+-------------------------------------------+
Note: In order to hide this table in the UI and the text report file, please set the "Show Parameter Settings in Synthesis Report" option in "Analysis and Synthesis Settings -> More Settings" to "Off".


+----------------------------------------------------------------------+
; Parameter Settings for User Entity Instance: mux_2to1:mux_2to1_inst3 ;
+----------------+-------+---------------------------------------------+
; Parameter Name ; Value ; Type                                        ;
+----------------+-------+---------------------------------------------+
; size           ; 32    ; Signed Integer                              ;
+----------------+-------+---------------------------------------------+
Note: In order to hide this table in the UI and the text report file, please set the "Show Parameter Settings in Synthesis Report" option in "Analysis and Synthesis Settings -> More Settings" to "Off".


+---------------------------------------------------------+
; Parameter Settings for User Entity Instance: PC:PC_inst ;
+----------------+-------+--------------------------------+
; Parameter Name ; Value ; Type                           ;
+----------------+-------+--------------------------------+
; size           ; 32    ; Signed Integer                 ;
+----------------+-------+--------------------------------+
Note: In order to hide this table in the UI and the text report file, please set the "Show Parameter Settings in Synthesis Report" option in "Analysis and Synthesis Settings -> More Settings" to "Off".


+------------------------------------------------------------------------------------------------------------------------------------------------------+
; Port Connectivity Checks: "PC:PC_inst"                                                                                                               ;
+------+--------+----------+---------------------------------------------------------------------------------------------------------------------------+
; Port ; Type   ; Severity ; Details                                                                                                                   ;
+------+--------+----------+---------------------------------------------------------------------------------------------------------------------------+
; PC   ; Output ; Warning  ; Output or bidir port (32 bits) is wider than the port expression (10 bits) it drives; bit(s) "PC[31..10]" have no fanouts ;
+------+--------+----------+---------------------------------------------------------------------------------------------------------------------------+


+-------------------------------------------------------------------------------------------------------------------------------------------------------------------------------------+
; Port Connectivity Checks: "sumador:sumador_inst1"                                                                                                                                   ;
+--------------+-------+----------+---------------------------------------------------------------------------------------------------------------------------------------------------+
; Port         ; Type  ; Severity ; Details                                                                                                                                           ;
+--------------+-------+----------+---------------------------------------------------------------------------------------------------------------------------------------------------+
; dataa        ; Input ; Warning  ; Input port expression (10 bits) is smaller than the input port (32 bits) it drives.  Extra input bit(s) "dataa[31..10]" will be connected to GND. ;
; datab[31..3] ; Input ; Info     ; Stuck at GND                                                                                                                                      ;
; datab[1..0]  ; Input ; Info     ; Stuck at GND                                                                                                                                      ;
; datab[2]     ; Input ; Info     ; Stuck at VCC                                                                                                                                      ;
+--------------+-------+----------+---------------------------------------------------------------------------------------------------------------------------------------------------+


+------------------------------------------------------------------------------------------------------------------------------------------------------------------------------+
; Port Connectivity Checks: "sumador:sumador_inst2"                                                                                                                            ;
+-------+-------+----------+---------------------------------------------------------------------------------------------------------------------------------------------------+
; Port  ; Type  ; Severity ; Details                                                                                                                                           ;
+-------+-------+----------+---------------------------------------------------------------------------------------------------------------------------------------------------+
; dataa ; Input ; Warning  ; Input port expression (10 bits) is smaller than the input port (32 bits) it drives.  Extra input bit(s) "dataa[31..10]" will be connected to GND. ;
+-------+-------+----------+---------------------------------------------------------------------------------------------------------------------------------------------------+


+------------------------------------------------------------------------------------------------------------------------------------------------------------------------------+
; Port Connectivity Checks: "mux_4to1:mux_4to1_inst1"                                                                                                                          ;
+-------+-------+----------+---------------------------------------------------------------------------------------------------------------------------------------------------+
; Port  ; Type  ; Severity ; Details                                                                                                                                           ;
+-------+-------+----------+---------------------------------------------------------------------------------------------------------------------------------------------------+
; dato1 ; Input ; Warning  ; Input port expression (10 bits) is smaller than the input port (32 bits) it drives.  Extra input bit(s) "dato1[31..10]" will be connected to GND. ;
; dato2 ; Input ; Info     ; Stuck at GND                                                                                                                                      ;
+-------+-------+----------+---------------------------------------------------------------------------------------------------------------------------------------------------+


+-----------------------------------------------------+
; Post-Synthesis Netlist Statistics for Top Partition ;
+-----------------------+-----------------------------+
; Type                  ; Count                       ;
+-----------------------+-----------------------------+
; boundary_port         ; 143                         ;
; cycloneiii_ff         ; 1034                        ;
;     CLR SLD           ; 8                           ;
;     ENA               ; 32                          ;
;     ENA CLR           ; 994                         ;
; cycloneiii_lcell_comb ; 2394                        ;
;     arith             ; 140                         ;
;         2 data inputs ; 7                           ;
;         3 data inputs ; 133                         ;
;     normal            ; 2254                        ;
;         0 data inputs ; 1                           ;
;         1 data inputs ; 1                           ;
;         2 data inputs ; 83                          ;
;         3 data inputs ; 226                         ;
;         4 data inputs ; 1943                        ;
;                       ;                             ;
; Max LUT depth         ; 24.00                       ;
; Average LUT depth     ; 20.27                       ;
+-----------------------+-----------------------------+


+-------------------------------+
; Elapsed Time Per Partition    ;
+----------------+--------------+
; Partition Name ; Elapsed Time ;
+----------------+--------------+
; Top            ; 00:00:09     ;
+----------------+--------------+


+-------------------------------+
; Analysis & Synthesis Messages ;
+-------------------------------+
Info: *******************************************************************
Info: Running Quartus Prime Analysis & Synthesis
    Info: Version 17.1.0 Build 590 10/25/2017 SJ Lite Edition
    Info: Processing started: Mon Dec 11 20:42:26 2023
Info: Command: quartus_map --read_settings_files=on --write_settings_files=off procesador -c procesador
Warning (18236): Number of processors has not been specified which may cause overloading on shared machines.  Set the global assignment NUM_PARALLEL_PROCESSORS in your QSF to an appropriate value for best performance.
Info (20030): Parallel compilation is enabled and will use 8 of the 8 processors detected
Info (12021): Found 1 design units, including 1 entities, in source file top.sv
    Info (12023): Found entity 1: top File: C:/Users/itsep/OneDrive/Documentos/GitHub/Microprocesador-ISDIGI/top.sv Line: 1
Info (12021): Found 1 design units, including 1 entities, in source file tb_alu.sv
    Info (12023): Found entity 1: tb_ALU File: C:/Users/itsep/OneDrive/Documentos/GitHub/Microprocesador-ISDIGI/tb_ALU.sv Line: 3
Info (12021): Found 1 design units, including 1 entities, in source file sumador.sv
    Info (12023): Found entity 1: sumador File: C:/Users/itsep/OneDrive/Documentos/GitHub/Microprocesador-ISDIGI/sumador.sv Line: 1
Info (12021): Found 1 design units, including 1 entities, in source file regbank.sv
    Info (12023): Found entity 1: REGBANK File: C:/Users/itsep/OneDrive/Documentos/GitHub/Microprocesador-ISDIGI/REGBANK.sv Line: 1
Info (12021): Found 1 design units, including 1 entities, in source file ram.sv
    Info (12023): Found entity 1: RAM File: C:/Users/itsep/OneDrive/Documentos/GitHub/Microprocesador-ISDIGI/RAM.sv Line: 1
Info (12021): Found 1 design units, including 1 entities, in source file pc.sv
    Info (12023): Found entity 1: PC File: C:/Users/itsep/OneDrive/Documentos/GitHub/Microprocesador-ISDIGI/PC.sv Line: 1
Info (12021): Found 1 design units, including 1 entities, in source file mux_4to1.sv
    Info (12023): Found entity 1: mux_4to1 File: C:/Users/itsep/OneDrive/Documentos/GitHub/Microprocesador-ISDIGI/mux_4to1.sv Line: 1
Info (12021): Found 1 design units, including 1 entities, in source file mux_2to1.sv
    Info (12023): Found entity 1: mux_2to1 File: C:/Users/itsep/OneDrive/Documentos/GitHub/Microprocesador-ISDIGI/mux_2to1.sv Line: 1
Info (12021): Found 1 design units, including 1 entities, in source file imm_gen.sv
    Info (12023): Found entity 1: Imm_Gen File: C:/Users/itsep/OneDrive/Documentos/GitHub/Microprocesador-ISDIGI/Imm_Gen.sv Line: 1
Info (12021): Found 1 design units, including 1 entities, in source file core.sv
    Info (12023): Found entity 1: core File: C:/Users/itsep/OneDrive/Documentos/GitHub/Microprocesador-ISDIGI/core.sv Line: 12
Info (12021): Found 1 design units, including 1 entities, in source file control.sv
    Info (12023): Found entity 1: control File: C:/Users/itsep/OneDrive/Documentos/GitHub/Microprocesador-ISDIGI/control.sv Line: 1
Info (12021): Found 1 design units, including 1 entities, in source file arom.sv
    Info (12023): Found entity 1: aROM File: C:/Users/itsep/OneDrive/Documentos/GitHub/Microprocesador-ISDIGI/aROM.sv Line: 1
Info (12021): Found 1 design units, including 1 entities, in source file alucontrol.sv
    Info (12023): Found entity 1: ALUcontrol File: C:/Users/itsep/OneDrive/Documentos/GitHub/Microprocesador-ISDIGI/ALUcontrol.sv Line: 1
Info (12021): Found 1 design units, including 1 entities, in source file alu.sv
    Info (12023): Found entity 1: ALU File: C:/Users/itsep/OneDrive/Documentos/GitHub/Microprocesador-ISDIGI/ALU.sv Line: 1
Warning (10236): Verilog HDL Implicit Net warning at core.sv(117): created implicit net for "sel_mux" File: C:/Users/itsep/OneDrive/Documentos/GitHub/Microprocesador-ISDIGI/core.sv Line: 117
Info (12127): Elaborating entity "core" for the top level hierarchy
Warning (10034): Output port "d_rw" at core.sv(20) has no driver File: C:/Users/itsep/OneDrive/Documentos/GitHub/Microprocesador-ISDIGI/core.sv Line: 20
Info (12128): Elaborating entity "REGBANK" for hierarchy "REGBANK:REGBANK_inst" File: C:/Users/itsep/OneDrive/Documentos/GitHub/Microprocesador-ISDIGI/core.sv Line: 54
Info (12128): Elaborating entity "Imm_Gen" for hierarchy "Imm_Gen:Imm_Gen_inst" File: C:/Users/itsep/OneDrive/Documentos/GitHub/Microprocesador-ISDIGI/core.sv Line: 60
Info (12128): Elaborating entity "mux_2to1" for hierarchy "mux_2to1:mux_2to1_inst1" File: C:/Users/itsep/OneDrive/Documentos/GitHub/Microprocesador-ISDIGI/core.sv Line: 68
Info (12128): Elaborating entity "mux_4to1" for hierarchy "mux_4to1:mux_4to1_inst1" File: C:/Users/itsep/OneDrive/Documentos/GitHub/Microprocesador-ISDIGI/core.sv Line: 77
Info (12128): Elaborating entity "ALUcontrol" for hierarchy "ALUcontrol:ALUcontrol_inst" File: C:/Users/itsep/OneDrive/Documentos/GitHub/Microprocesador-ISDIGI/core.sv Line: 84
Info (12128): Elaborating entity "ALU" for hierarchy "ALU:ALU_inst" File: C:/Users/itsep/OneDrive/Documentos/GitHub/Microprocesador-ISDIGI/core.sv Line: 93
Warning (10764): Verilog HDL warning at ALU.sv(29): converting signed shift amount to unsigned File: C:/Users/itsep/OneDrive/Documentos/GitHub/Microprocesador-ISDIGI/ALU.sv Line: 29
Warning (10230): Verilog HDL assignment warning at ALU.sv(36): truncated value with size 32 to match size of target (1) File: C:/Users/itsep/OneDrive/Documentos/GitHub/Microprocesador-ISDIGI/ALU.sv Line: 36
Info (12128): Elaborating entity "control" for hierarchy "control:control_inst" File: C:/Users/itsep/OneDrive/Documentos/GitHub/Microprocesador-ISDIGI/core.sv Line: 115
Info (12128): Elaborating entity "sumador" for hierarchy "sumador:sumador_inst2" File: C:/Users/itsep/OneDrive/Documentos/GitHub/Microprocesador-ISDIGI/core.sv Line: 124
Info (12128): Elaborating entity "PC" for hierarchy "PC:PC_inst" File: C:/Users/itsep/OneDrive/Documentos/GitHub/Microprocesador-ISDIGI/core.sv Line: 147
Warning (12241): 4 hierarchies have connectivity warnings - see the Connectivity Checks report folder
Warning (13024): Output pins are stuck at VCC or GND
    Warning (13410): Pin "d_rw" is stuck at GND File: C:/Users/itsep/OneDrive/Documentos/GitHub/Microprocesador-ISDIGI/core.sv Line: 20
Info (286030): Timing-Driven Synthesis is running
Info (16010): Generating hard_block partition "hard_block:auto_generated_inst"
    Info (16011): Adding 0 node(s), including 0 DDIO, 0 PLL, 0 transceiver and 0 LCELL
Info (21057): Implemented 3560 device resources after synthesis - the final resource count might be different
    Info (21058): Implemented 66 input pins
    Info (21059): Implemented 77 output pins
    Info (21061): Implemented 3417 logic cells
Info: Quartus Prime Analysis & Synthesis was successful. 0 errors, 8 warnings
    Info: Peak virtual memory: 4836 megabytes
    Info: Processing ended: Mon Dec 11 20:42:49 2023
    Info: Elapsed time: 00:00:23
    Info: Total CPU time (on all processors): 00:00:19


